2026-09-26 03:13:57,065 [    INFO] Unable to initialize backend 'tpu': INTERNAL: Failed to open libtpu.so: libtpu.so: cannot open shared object file: No such file or directory
2026-09-26 03:13:57,825 [ WARNING] Falling back to legacy behavior as `profile_conditions.psi` is None. Future versions of TORAX will require `psi` to be provided if `initial_psi_mode` is PROFILE_CONDITIONS. Use `initial_psi_mode` to initialize psi from `j` or `geometry` and avoid this warning.
2026-09-26 03:13:58,072 [    INFO] Loading QLKNNModel from /home/runner/work/torax-reproduction-ledger/torax-reproduction-ledger/.venv/lib/python3.12/site-packages/fusion_surrogates/qlknn/models/qlknn_7_11.qlknn
2026-09-26 03:14:02,433 [    INFO] Precision is set at float64
2026-09-26 03:14:02,433 [    INFO] Starting simulation.
2026-09-26 03:14:25,500 [    INFO] The first step took more than 2.0 std devs longer than other steps. It likely was tracing and compiling the step_fn. It took 21.04s of wall clock time.
2026-09-26 03:14:25,523 [    INFO] Simulated 80.00s of physics in 2.02s of wall clock time.
{"label": "P1", "config": "upstream-torax/torax/tests/test_data/test_iterhybrid_rampup.py", "config_sha256": "a94da3f3a102df5a4a86d3c7d3f9d70b8a8f0f96e68226ac44fe79b797e8ebff", "overrides": {}, "sim_error": "NO_ERROR", "n_times": 41, "t_final": 80.0, "wall_s_including_compile": 28.972, "out": "evidence/E001-rerun/runs/P1.nc", "out_sha256": "0a1de1ea390269e6ecfb22b94d39660d6f3f52671dc254811f17d97edea730d6", "torax_version": "1.4.3", "jax_version": "0.11.2", "jax_x64": true, "devices": ["cpu:0"], "machine": "x86_64", "platform": "Linux-6.17.0-1022-azure-x86_64-with-glibc2.39"}
2026-09-26 03:14:29,526 [    INFO] Unable to initialize backend 'tpu': INTERNAL: Failed to open libtpu.so: libtpu.so: cannot open shared object file: No such file or directory
2026-09-26 03:14:30,250 [ WARNING] Falling back to legacy behavior as `profile_conditions.psi` is None. Future versions of TORAX will require `psi` to be provided if `initial_psi_mode` is PROFILE_CONDITIONS. Use `initial_psi_mode` to initialize psi from `j` or `geometry` and avoid this warning.
2026-09-26 03:14:30,481 [    INFO] Loading QLKNNModel from /home/runner/work/torax-reproduction-ledger/torax-reproduction-ledger/.venv/lib/python3.12/site-packages/fusion_surrogates/qlknn/models/qlknn_7_11.qlknn
2026-09-26 03:14:34,711 [    INFO] Precision is set at float64
2026-09-26 03:14:34,711 [    INFO] Starting simulation.
2026-09-26 03:14:57,950 [    INFO] The first step took more than 2.0 std devs longer than other steps. It likely was tracing and compiling the step_fn. It took 21.19s of wall clock time.
2026-09-26 03:14:57,973 [    INFO] Simulated 80.00s of physics in 2.05s of wall clock time.
{"label": "C1", "config": "upstream-torax/torax/tests/test_data/test_iterhybrid_rampup.py", "config_sha256": "a94da3f3a102df5a4a86d3c7d3f9d70b8a8f0f96e68226ac44fe79b797e8ebff", "overrides": {}, "sim_error": "NO_ERROR", "n_times": 41, "t_final": 80.0, "wall_s_including_compile": 28.974, "out": "evidence/E001-rerun/runs/C1.nc", "out_sha256": "892dd7de4691eaf61c012fb07d5b3bc5aa4dd2523fd7324652b5cedd6e9c6233", "torax_version": "1.4.3", "jax_version": "0.11.2", "jax_x64": true, "devices": ["cpu:0"], "machine": "x86_64", "platform": "Linux-6.17.0-1022-azure-x86_64-with-glibc2.39"}
2026-09-26 03:15:01,998 [    INFO] Unable to initialize backend 'tpu': INTERNAL: Failed to open libtpu.so: libtpu.so: cannot open shared object file: No such file or directory
2026-09-26 03:15:02,712 [ WARNING] Falling back to legacy behavior as `profile_conditions.psi` is None. Future versions of TORAX will require `psi` to be provided if `initial_psi_mode` is PROFILE_CONDITIONS. Use `initial_psi_mode` to initialize psi from `j` or `geometry` and avoid this warning.
2026-09-26 03:15:02,944 [    INFO] Loading QLKNNModel from /home/runner/work/torax-reproduction-ledger/torax-reproduction-ledger/.venv/lib/python3.12/site-packages/fusion_surrogates/qlknn/models/qlknn_7_11.qlknn
2026-09-26 03:15:07,265 [    INFO] Precision is set at float64
2026-09-26 03:15:07,265 [    INFO] Starting simulation.
2026-09-26 03:15:30,598 [    INFO] The first step took more than 2.0 std devs longer than other steps. It likely was tracing and compiling the step_fn. It took 21.26s of wall clock time.
2026-09-26 03:15:30,621 [    INFO] Simulated 80.00s of physics in 2.08s of wall clock time.
{"label": "C2", "config": "upstream-torax/torax/tests/test_data/test_iterhybrid_rampup.py", "config_sha256": "a94da3f3a102df5a4a86d3c7d3f9d70b8a8f0f96e68226ac44fe79b797e8ebff", "overrides": {"sources.generic_heat.P_total": 20200000.0}, "sim_error": "NO_ERROR", "n_times": 41, "t_final": 80.0, "wall_s_including_compile": 29.182, "out": "evidence/E001-rerun/runs/C2.nc", "out_sha256": "08ca54db953a01b00cc869ea12342dd57b139afb594db517eea968a43839d0e1", "torax_version": "1.4.3", "jax_version": "0.11.2", "jax_x64": true, "devices": ["cpu:0"], "machine": "x86_64", "platform": "Linux-6.17.0-1022-azure-x86_64-with-glibc2.39"}
{"var": "/profiles/T_e", "index": [20, 13], "rel": 1e-08, "before": 3.4153215579657767, "after": 3.415321592118992}
{"var": "/profiles/T_e", "index": [20, 13], "rel": 1e-10, "before": 3.4153215579657767, "after": 3.415321558307309}
P1 OK (pass)
C1 OK (pass)
C2 OK (fail)
C3 OK (fail)
C4a OK (fail)
C4b OK (pass)
exit=0
