test_bremsstrahlung_time_dependent_Zimp: COMPARED RTOL_1e-9 (11.3s)
test_bohmgyrobohm_all: COMPARED RTOL_1e-9 (11.5s)
test_all_transport_fusion_qlknn: COMPARED RTOL_1e-9 (12.7s)
test_changing_config_after: COMPARED DIFFERENT (13.9s)
test_chease: COMPARED RTOL_1e-9 (8.2s)
test_combined_transport: COMPARED RTOL_1e-9 (11.6s)
test_changing_config_before: COMPARED DIFFERENT (13.1s)
test_fixed_dt: COMPARED RTOL_1e-9 (11.2s)
test_implicit: COMPARED RTOL_1e-9 (7.9s)
test_imas_profiles_and_geo: COMPARED RTOL_1e-6 (14.6s)
test_iterbaseline_mockup: COMPARED RTOL_1e-9 (11.3s)
test_implicit_short_optimizer: COMPARED RTOL_1e-9 (14.9s)
test_iterhybrid_mockup: COMPARED DIFFERENT (11.4s)
test_iterhybrid_predictor_corrector: COMPARED DIFFERENT (15.0s)
test_iterhybrid_lh_transition_adaptive_source: COMPARED RTOL_1e-9 (19.7s)
test_iterhybrid_predictor_corrector_Lmode_combined: COMPARED DIFFERENT (13.6s)
test_iterhybrid_predictor_corrector_clip_inputs: COMPARED DIFFERENT (12.6s)
test_iterhybrid_predictor_corrector_constant_fraction_impurity_radiation: COMPARED DIFFERENT (13.0s)
test_iterhybrid_predictor_corrector_cyclotron: COMPARED DIFFERENT (13.5s)
test_iterhybrid_predictor_corrector_ec_linliu: COMPARED RTOL_1e-9 (12.7s)
test_iterhybrid_predictor_corrector_eqdsk: COMPARED DIFFERENT (13.4s)
test_iterhybrid_predictor_corrector_imas: COMPARED RTOL_1e-6 (14.0s)
test_iterhybrid_predictor_corrector_mavrin_impurity_radiation: COMPARED DIFFERENT (13.4s)
test_iterhybrid_predictor_corrector_mavrin_n_e_ratios: COMPARED DIFFERENT (13.5s)
test_iterhybrid_predictor_corrector_mavrin_n_e_ratios_z_eff: COMPARED DIFFERENT (14.5s)
test_iterhybrid_predictor_corrector_mavrin_n_e_ratios_lengyel: COMPARED DIFFERENT (20.7s)
test_iterhybrid_lh_transition: COMPARED DIFFERENT (81.8s)
test_iterhybrid_predictor_corrector_qualikiz: RUN_ERROR  (2.1s)
test_iterhybrid_predictor_corrector_neoclassical: COMPARED DIFFERENT (15.6s)
test_iterhybrid_predictor_corrector_qualikiz_rotation: RUN_ERROR  (1.8s)
test_iterhybrid_predictor_corrector_set_pped_tpedratio_nped: COMPARED RTOL_1e-6 (12.3s)
test_iterhybrid_predictor_corrector_rotation: COMPARED DIFFERENT (13.3s)
test_iterhybrid_predictor_corrector_tglfnn_ukaea: COMPARED DIFFERENT (16.8s)
test_iterhybrid_predictor_corrector_tglfnn_ukaea_rotation: COMPARED DIFFERENT (17.1s)
test_iterhybrid_predictor_corrector_timedependent_isotopes: COMPARED DIFFERENT (12.6s)
test_iterhybrid_predictor_corrector_tungsten: COMPARED DIFFERENT (12.5s)
test_iterhybrid_predictor_corrector_zeffprofile: COMPARED DIFFERENT (12.4s)
test_iterhybrid_radiation_collapse: COMPARED SHAPE (15.6s)
test_ne_qlknn_deff_veff: COMPARED RTOL_1e-9 (10.7s)
test_iterhybrid_rampup_sawtooth: COMPARED RTOL_1e-6 (16.6s)
test_iterhybrid_rampup: COMPARED RTOL_1e-9 (18.2s)
test_ne_qlknn_defromchie: COMPARED RTOL_1e-9 (12.4s)
test_particle_sources_cgm: COMPARED RTOL_1e-9 (9.7s)
test_prescribed_generic_current_source: COMPARED RTOL_1e-9 (8.9s)
test_prescribed_timedependent_ne: COMPARED DIFFERENT (10.3s)
test_prescribed_transport: COMPARED RTOL_1e-9 (9.2s)
test_psi_and_heat: COMPARED RTOL_1e-6 (9.5s)
test_psi_heat_dens: COMPARED RTOL_1e-9 (8.8s)
test_psichease_ip_chease_vloop: COMPARED RTOL_1e-9 (8.2s)
test_psichease_ip_parameters_vloop_varying: COMPARED DIFFERENT (8.1s)
test_psichease_prescribed_johm: COMPARED DIFFERENT (7.9s)
test_psichease_prescribed_jtot: COMPARED DIFFERENT (7.9s)
test_psichease_prescribed_jtot_vloop: COMPARED DIFFERENT (7.9s)
test_semiimplicit_convection: COMPARED RTOL_1e-9 (7.9s)
test_timedependence: COMPARED DIFFERENT (9.7s)
CTRL_rampup_heat_plus1pct: COMPARED DIFFERENT (16.7s)
test_step_flattop_bgb: COMPARED RTOL_1e-3 (20.5s)
sweep_exit=0
