test_bremsstrahlung_time_dependent_Zimp: COMPARED RTOL_1e-9 (8.8s)
test_bohmgyrobohm_all: COMPARED RTOL_1e-9 (9.2s)
test_all_transport_fusion_qlknn: COMPARED RTOL_1e-9 (10.3s)
test_changing_config_after: COMPARED RTOL_1e-9 (11.7s)
test_chease: COMPARED RTOL_1e-9 (7.0s)
test_combined_transport: COMPARED RTOL_1e-9 (9.9s)
test_changing_config_before: COMPARED RTOL_1e-9 (11.4s)
test_fixed_dt: COMPARED RTOL_1e-9 (9.5s)
test_implicit: COMPARED RTOL_1e-9 (7.4s)
test_imas_profiles_and_geo: COMPARED RTOL_1e-9 (13.2s)
test_iterbaseline_mockup: COMPARED RTOL_1e-9 (10.7s)
test_implicit_short_optimizer: COMPARED RTOL_1e-9 (13.5s)
test_iterhybrid_mockup: COMPARED RTOL_1e-9 (10.6s)
test_iterhybrid_predictor_corrector: COMPARED RTOL_1e-9 (12.6s)
test_iterhybrid_lh_transition_internal_boundary_condition: COMPARED RTOL_1e-6 (16.6s)
test_iterhybrid_predictor_corrector_Lmode_combined: COMPARED RTOL_1e-9 (10.0s)
test_iterhybrid_predictor_corrector_clip_inputs: COMPARED RTOL_1e-9 (10.7s)
test_iterhybrid_predictor_corrector_constant_fraction_impurity_radiation: COMPARED RTOL_1e-9 (11.1s)
test_iterhybrid_predictor_corrector_cyclotron: COMPARED RTOL_1e-6 (10.9s)
test_iterhybrid_predictor_corrector_ec_linliu: COMPARED RTOL_1e-9 (10.7s)
test_iterhybrid_predictor_corrector_eqdsk: COMPARED DIFFERENT (10.7s)
test_iterhybrid_predictor_corrector_imas: COMPARED RTOL_1e-6 (11.3s)
test_iterhybrid_predictor_corrector_mavrin_impurity_radiation: COMPARED RTOL_1e-6 (11.5s)
test_iterhybrid_predictor_corrector_mavrin_n_e_ratios: COMPARED RTOL_1e-9 (11.8s)
test_iterhybrid_predictor_corrector_mavrin_n_e_ratios_lengyel: COMPARED RTOL_1e-3 (15.7s)
test_iterhybrid_predictor_corrector_mavrin_n_e_ratios_z_eff: COMPARED RTOL_1e-9 (12.0s)
test_iterhybrid_predictor_corrector_qualikiz: RUN_ERROR  (1.9s)
test_iterhybrid_predictor_corrector_qualikiz_rotation: RUN_ERROR  (1.8s)
test_iterhybrid_predictor_corrector_neoclassical: COMPARED RTOL_1e-9 (12.4s)
test_iterhybrid_lh_transition: COMPARED RTOL_1e-6 (72.1s)
test_iterhybrid_predictor_corrector_set_pped_tpedratio_nped: COMPARED RTOL_1e-9 (10.5s)
test_iterhybrid_predictor_corrector_rotation: COMPARED RTOL_1e-9 (11.4s)
test_iterhybrid_predictor_corrector_tglfnn_ukaea: COMPARED RTOL_1e-3 (13.6s)
test_iterhybrid_predictor_corrector_tglfnn_ukaea_rotation: COMPARED DIFFERENT (13.6s)
test_iterhybrid_predictor_corrector_timedependent_isotopes: COMPARED RTOL_1e-9 (11.3s)
test_iterhybrid_predictor_corrector_tungsten: COMPARED RTOL_1e-6 (10.9s)
test_iterhybrid_predictor_corrector_zeffprofile: COMPARED RTOL_1e-9 (11.5s)
test_iterhybrid_radiation_collapse: COMPARED SHAPE (13.0s)
test_ne_qlknn_deff_veff: COMPARED RTOL_1e-6 (9.9s)
test_iterhybrid_rampup_sawtooth: COMPARED RTOL_1e-6 (15.6s)
test_ne_qlknn_defromchie: COMPARED RTOL_1e-9 (10.8s)
test_iterhybrid_rampup: COMPARED RTOL_1e-9 (18.4s)
test_particle_sources_cgm: COMPARED RTOL_1e-9 (7.8s)
test_prescribed_generic_current_source: COMPARED RTOL_1e-9 (7.3s)
test_prescribed_timedependent_ne: COMPARED DIFFERENT (9.2s)
test_psi_and_heat: COMPARED RTOL_1e-9 (8.6s)
test_psi_heat_dens: COMPARED RTOL_1e-9 (7.7s)
test_psichease_ip_chease_vloop: COMPARED DIFFERENT (6.9s)
test_psichease_ip_parameters_vloop_varying: COMPARED RTOL_1e-9 (6.7s)
test_psichease_prescribed_johm: COMPARED RTOL_1e-9 (6.6s)
test_psichease_prescribed_jtot: COMPARED RTOL_1e-9 (6.5s)
test_psichease_prescribed_jtot_vloop: COMPARED RTOL_1e-9 (6.7s)
test_semiimplicit_convection: COMPARED RTOL_1e-9 (6.8s)
test_timedependence: COMPARED DIFFERENT (8.7s)
test_step_flattop_bgb: COMPARED RTOL_1e-3 (17.7s)
CTRL_rampup_heat_plus1pct: COMPARED SHAPE (15.6s)
sweep_exit=0
